00:31:51 **** Incremental Build of configuration Debug for project lab2 ****
make -j8 all 
arm-none-eabi-gcc -o "lab2.elf" @"objects.list"   -mcpu=cortex-m3 -T"D:\lab2MCU\git\lab2\STM32F103C6UX_FLASH.ld" --specs=nosys.specs -Wl,-Map="lab2.map" -Wl,--gc-sections -static --specs=nano.specs -mfloat-abi=soft -mthumb -Wl,--start-group -lc -lm -Wl,--end-group
Finished building target: lab2.elf
 
arm-none-eabi-size   lab2.elf 
arm-none-eabi-objdump -h -S  lab2.elf  > "lab2.list"
arm-none-eabi-objcopy  -O ihex  lab2.elf  "lab2.hex"
   text	   data	    bss	    dec	    hex	filename
   7044	     20	   1652	   8716	   220c	lab2.elf
arm-none-eabi-objcopy  -O binary  lab2.elf  "lab2.bin"
Finished building: default.size.stdout
 
Finished building: lab2.hex
Finished building: lab2.bin
 
Finished building: lab2.list
 
 

00:31:52 Build Finished. 0 errors, 0 warnings. (took 421ms)

